Watching for file changes with StatReloader
[19/May/2026 09:43:23] "OPTIONS /api/auth/login/ HTTP/1.1" 200 0
[19/May/2026 09:43:23] "POST /api/auth/login/ HTTP/1.1" 200 483
[19/May/2026 09:43:23] "OPTIONS /api/projects/ HTTP/1.1" 200 0
/home/simondm/Development/ARQ/Proyecto_ARQ/backend/.venv/lib/python3.13/site-packages/rest_framework/pagination.py:200: UnorderedObjectListWarning: Pagination may yield inconsistent results with an unordered object_list: <class 'projects.models.Proyecto'> QuerySet.
  paginator = self.django_paginator_class(queryset, page_size)
[19/May/2026 09:43:23] "GET /api/projects/ HTTP/1.1" 200 276
[19/May/2026 09:43:25] "OPTIONS /api/projects/8/ HTTP/1.1" 200 0
[19/May/2026 09:43:25] "GET /api/projects/8/ HTTP/1.1" 200 1147
[19/May/2026 09:43:25] "OPTIONS /api/auth/me/ HTTP/1.1" 200 0
[19/May/2026 09:43:25] "GET /api/auth/me/ HTTP/1.1" 200 148
[19/May/2026 09:43:25] "OPTIONS /api/projects/8/collab/join/ HTTP/1.1" 200 0
[19/May/2026 09:43:25] "POST /api/projects/8/collab/join/ HTTP/1.1" 200 182
[19/May/2026 09:43:25] "GET /api/projects/validate-collab-token/ HTTP/1.1" 200 11
[19/May/2026 09:43:25,498] - Broken pipe from ('172.17.0.4', 60154)
[19/May/2026 09:43:25] "GET /api/auth/me/ HTTP/1.1" 200 148
[19/May/2026 09:43:25] "POST /api/projects/8/collab/join/ HTTP/1.1" 200 189
[19/May/2026 09:43:25] "GET /api/projects/validate-collab-token/ HTTP/1.1" 200 11
[19/May/2026 09:43:25,646] - Broken pipe from ('172.17.0.4', 60170)
[19/May/2026 09:43:25] "OPTIONS /lsp/8 HTTP/1.1" 200 0
Not Found: /lsp/8
[19/May/2026 09:43:25] "POST /lsp/8 HTTP/1.1" 404 2306
[19/May/2026 09:44:00] "OPTIONS /api/auth/login/ HTTP/1.1" 200 0
[19/May/2026 09:44:00] "POST /api/auth/login/ HTTP/1.1" 200 483
[19/May/2026 09:44:01] "OPTIONS /api/projects/ HTTP/1.1" 200 0
[19/May/2026 09:44:01] "GET /api/projects/ HTTP/1.1" 200 276
[19/May/2026 09:44:03] "OPTIONS /api/projects/8/ HTTP/1.1" 200 0
[19/May/2026 09:44:03] "GET /api/projects/8/ HTTP/1.1" 200 1147
[19/May/2026 09:44:03] "OPTIONS /api/auth/me/ HTTP/1.1" 200 0
[19/May/2026 09:44:03] "GET /api/auth/me/ HTTP/1.1" 200 154
[19/May/2026 09:44:03] "OPTIONS /api/projects/8/collab/join/ HTTP/1.1" 200 0
[19/May/2026 09:44:03] "POST /api/projects/8/collab/join/ HTTP/1.1" 200 184
[19/May/2026 09:44:03] "GET /api/projects/validate-collab-token/ HTTP/1.1" 200 11
[19/May/2026 09:44:03,906] - Broken pipe from ('172.17.0.4', 59468)
[19/May/2026 09:44:03] "GET /api/auth/me/ HTTP/1.1" 200 154
[19/May/2026 09:44:03] "POST /api/projects/8/collab/join/ HTTP/1.1" 200 191
[19/May/2026 09:44:04] "OPTIONS /lsp/8 HTTP/1.1" 200 0
Not Found: /lsp/8
[19/May/2026 09:44:04] "POST /lsp/8 HTTP/1.1" 404 2306
[19/May/2026 09:44:04] "GET /api/projects/validate-collab-token/ HTTP/1.1" 200 11
[19/May/2026 09:44:04,039] - Broken pipe from ('172.17.0.4', 59476)
[19/May/2026 09:44:34] "OPTIONS /api/projects/8/archivos/15/ HTTP/1.1" 200 0
Bad Request: /api/projects/validate-collab-token/
[19/May/2026 09:44:34] "GET /api/projects/validate-collab-token/ HTTP/1.1" 400 27
[19/May/2026 09:44:34] "PATCH /api/projects/8/archivos/15/ HTTP/1.1" 200 270
Bad Request: /api/projects/validate-collab-token/
[19/May/2026 09:44:34] "GET /api/projects/validate-collab-token/ HTTP/1.1" 400 27
[19/May/2026 09:44:35] "OPTIONS /api/projects/8/archivos/15/ HTTP/1.1" 200 0
Bad Request: /api/projects/validate-collab-token/
[19/May/2026 09:44:35] "GET /api/projects/validate-collab-token/ HTTP/1.1" 400 27
[19/May/2026 09:44:35,384] - Broken pipe from ('172.17.0.4', 34880)
[19/May/2026 09:44:35] "PATCH /api/projects/8/archivos/15/ HTTP/1.1" 200 270
Bad Request: /api/projects/validate-collab-token/
[19/May/2026 09:44:35] "GET /api/projects/validate-collab-token/ HTTP/1.1" 400 27
[19/May/2026 09:44:35,401] - Broken pipe from ('172.17.0.4', 34884)
Bad Request: /api/projects/validate-collab-token/
[19/May/2026 09:44:35] "GET /api/projects/validate-collab-token/ HTTP/1.1" 400 27
Bad Request: /api/projects/validate-collab-token/
[19/May/2026 09:44:36] "GET /api/projects/validate-collab-token/ HTTP/1.1" 400 27
Bad Request: /api/projects/validate-collab-token/
[19/May/2026 09:44:36] "GET /api/projects/validate-collab-token/ HTTP/1.1" 400 27
Bad Request: /api/projects/validate-collab-token/
[19/May/2026 09:44:36] "GET /api/projects/validate-collab-token/ HTTP/1.1" 400 27
[19/May/2026 09:44:36,406] - Broken pipe from ('172.17.0.4', 34924)
Bad Request: /api/projects/validate-collab-token/
[19/May/2026 09:44:37] "GET /api/projects/validate-collab-token/ HTTP/1.1" 400 27
Bad Request: /api/projects/validate-collab-token/
[19/May/2026 09:44:37] "GET /api/projects/validate-collab-token/ HTTP/1.1" 400 27
[19/May/2026 09:44:37,591] - Broken pipe from ('172.17.0.4', 34946)
Bad Request: /api/projects/validate-collab-token/
[19/May/2026 09:44:37] "GET /api/projects/validate-collab-token/ HTTP/1.1" 400 27
[19/May/2026 09:44:37,614] - Broken pipe from ('172.17.0.4', 34948)
Bad Request: /api/projects/validate-collab-token/
[19/May/2026 09:44:39] "GET /api/projects/validate-collab-token/ HTTP/1.1" 400 27
[19/May/2026 09:44:39,492] - Broken pipe from ('172.17.0.4', 34954)
Bad Request: /api/projects/validate-collab-token/
[19/May/2026 09:44:40] "GET /api/projects/validate-collab-token/ HTTP/1.1" 400 27
Bad Request: /api/projects/validate-collab-token/
[19/May/2026 09:44:41] "GET /api/projects/validate-collab-token/ HTTP/1.1" 400 27
[19/May/2026 09:44:41,111] - Broken pipe from ('172.17.0.4', 34968)
Bad Request: /api/projects/validate-collab-token/
[19/May/2026 09:44:42] "GET /api/projects/validate-collab-token/ HTTP/1.1" 400 27
Bad Request: /api/projects/validate-collab-token/
[19/May/2026 09:44:46] "GET /api/projects/validate-collab-token/ HTTP/1.1" 400 27
Bad Request: /api/projects/validate-collab-token/
[19/May/2026 09:44:46] "GET /api/projects/validate-collab-token/ HTTP/1.1" 400 27
[19/May/2026 09:44:46,584] - Broken pipe from ('172.17.0.4', 51906)
Bad Request: /api/projects/validate-collab-token/
[19/May/2026 09:44:48] "GET /api/projects/validate-collab-token/ HTTP/1.1" 400 27
Bad Request: /api/projects/validate-collab-token/
[19/May/2026 09:44:49] "GET /api/projects/validate-collab-token/ HTTP/1.1" 400 27
Bad Request: /api/projects/validate-collab-token/
[19/May/2026 09:44:51] "GET /api/projects/validate-collab-token/ HTTP/1.1" 400 27
[19/May/2026 09:44:51,220] - Broken pipe from ('172.17.0.4', 51952)
Bad Request: /api/projects/validate-collab-token/
[19/May/2026 09:44:52] "GET /api/projects/validate-collab-token/ HTTP/1.1" 400 27
[19/May/2026 09:44:52,942] - Broken pipe from ('172.17.0.4', 51968)
[19/May/2026 09:44:54] "POST /api/auth/login/ HTTP/1.1" 200 483
[19/May/2026 09:44:54] "GET /api/projects/ HTTP/1.1" 200 276
[19/May/2026 09:44:55] "POST /api/auth/login/ HTTP/1.1" 200 483
[19/May/2026 09:44:55] "GET /api/projects/ HTTP/1.1" 200 276
[19/May/2026 09:44:57] "GET /api/projects/8/ HTTP/1.1" 200 1166
[19/May/2026 09:44:57] "GET /api/auth/me/ HTTP/1.1" 200 148
[19/May/2026 09:44:57] "POST /api/projects/8/collab/join/ HTTP/1.1" 200 182
[19/May/2026 09:44:58] "GET /api/auth/me/ HTTP/1.1" 200 148
[19/May/2026 09:44:58] "POST /api/projects/8/collab/join/ HTTP/1.1" 200 189
Not Found: /lsp/8
[19/May/2026 09:44:58] "POST /lsp/8 HTTP/1.1" 404 2306
[19/May/2026 09:45:00] "GET /api/projects/8/ HTTP/1.1" 200 1166
[19/May/2026 09:45:00] "GET /api/auth/me/ HTTP/1.1" 200 154
[19/May/2026 09:45:00] "POST /api/projects/8/collab/join/ HTTP/1.1" 200 184
[19/May/2026 09:45:00] "GET /api/projects/validate-collab-token/ HTTP/1.1" 200 11
[19/May/2026 09:45:00,641] - Broken pipe from ('172.17.0.4', 42876)
[19/May/2026 09:45:00] "GET /api/auth/me/ HTTP/1.1" 200 154
[19/May/2026 09:45:00] "POST /api/projects/8/collab/join/ HTTP/1.1" 200 191
Not Found: /lsp/8
[19/May/2026 09:45:00] "POST /lsp/8 HTTP/1.1" 404 2306
[19/May/2026 09:45:00] "GET /api/projects/validate-collab-token/ HTTP/1.1" 200 11
[19/May/2026 09:45:00,780] - Broken pipe from ('172.17.0.4', 42892)
[19/May/2026 09:45:02] "GET /api/projects/validate-collab-token/ HTTP/1.1" 200 11
[19/May/2026 09:45:02] "GET /api/projects/validate-collab-token/ HTTP/1.1" 200 11
[19/May/2026 09:45:02] "GET /api/projects/validate-collab-token/ HTTP/1.1" 200 11
[19/May/2026 09:45:07] "GET /api/projects/validate-collab-token/ HTTP/1.1" 200 11
[19/May/2026 09:45:07,794] - Broken pipe from ('172.17.0.4', 52254)
[19/May/2026 09:45:12] "GET /api/projects/validate-collab-token/ HTTP/1.1" 200 11
[19/May/2026 09:45:14] "GET /api/projects/validate-collab-token/ HTTP/1.1" 200 11
[19/May/2026 09:46:16] "GET /api/projects/ HTTP/1.1" 200 276
[19/May/2026 09:46:21] "OPTIONS /api/auth/search/?q=da HTTP/1.1" 200 0
[19/May/2026 09:46:21] "GET /api/auth/search/?q=da HTTP/1.1" 200 29
[19/May/2026 09:46:21] "OPTIONS /api/auth/search/?q=dav HTTP/1.1" 200 0
[19/May/2026 09:46:21] "GET /api/auth/search/?q=dav HTTP/1.1" 200 29
[19/May/2026 09:46:21] "OPTIONS /api/auth/search/?q=davi HTTP/1.1" 200 0
[19/May/2026 09:46:21] "GET /api/auth/search/?q=davi HTTP/1.1" 200 29
[19/May/2026 09:46:26] "POST /api/projects/ HTTP/1.1" 201 130
[19/May/2026 09:46:26] "OPTIONS /api/projects/9/ HTTP/1.1" 200 0
[19/May/2026 09:46:26] "GET /api/projects/9/ HTTP/1.1" 200 130
[19/May/2026 09:46:41] "GET /api/projects/validate-collab-token/ HTTP/1.1" 200 11
[19/May/2026 09:46:41] "GET /api/projects/validate-collab-token/ HTTP/1.1" 200 11
[19/May/2026 09:46:42] "GET /api/projects/9/ HTTP/1.1" 200 130
[19/May/2026 09:46:45] "OPTIONS /api/projects/9/archivos/ HTTP/1.1" 200 0
[19/May/2026 09:46:45] "POST /api/projects/9/archivos/ HTTP/1.1" 201 175
[19/May/2026 09:46:45] "GET /api/auth/me/ HTTP/1.1" 200 148
[19/May/2026 09:46:45] "OPTIONS /api/projects/9/collab/join/ HTTP/1.1" 200 0
[19/May/2026 09:46:45] "OPTIONS /lsp/9 HTTP/1.1" 200 0
Not Found: /lsp/9
[19/May/2026 09:46:45] "POST /lsp/9 HTTP/1.1" 404 2306
[19/May/2026 09:46:45] "POST /api/projects/9/collab/join/ HTTP/1.1" 200 189
[19/May/2026 09:46:46] "GET /api/projects/validate-collab-token/ HTTP/1.1" 200 11
[19/May/2026 09:46:46,021] - Broken pipe from ('172.17.0.4', 55406)
Unauthorized: /api/projects/8/
[19/May/2026 09:49:30] "GET /api/projects/8/ HTTP/1.1" 401 203
[19/May/2026 09:50:02] "POST /api/auth/login/ HTTP/1.1" 200 483
[19/May/2026 09:50:02] "GET /api/projects/ HTTP/1.1" 200 707
[19/May/2026 09:50:08] "OPTIONS /api/projects/3/ HTTP/1.1" 200 0
[19/May/2026 09:50:08] "DELETE /api/projects/3/ HTTP/1.1" 204 0
[19/May/2026 10:03:24] "GET /api/projects/validate-collab-token/ HTTP/1.1" 200 11
[19/May/2026 10:03:24] "GET /api/projects/validate-collab-token/ HTTP/1.1" 200 11
[19/May/2026 10:03:24,519] - Broken pipe from ('172.17.0.4', 42166)
[19/May/2026 10:03:24] "GET /api/projects/8/ HTTP/1.1" 200 1166
[19/May/2026 10:03:24] "GET /api/auth/me/ HTTP/1.1" 200 154
[19/May/2026 10:03:24] "POST /api/projects/8/collab/join/ HTTP/1.1" 200 184
[19/May/2026 10:03:24] "GET /api/projects/validate-collab-token/ HTTP/1.1" 200 11
[19/May/2026 10:03:25] "GET /api/auth/me/ HTTP/1.1" 200 154
[19/May/2026 10:03:25] "POST /api/projects/8/collab/join/ HTTP/1.1" 200 191
Not Found: /lsp/8
[19/May/2026 10:03:25] "GET /api/projects/validate-collab-token/ HTTP/1.1" 200 11
[19/May/2026 10:03:25] "POST /lsp/8 HTTP/1.1" 404 2306
[19/May/2026 10:06:15] "GET /api/projects/validate-collab-token/ HTTP/1.1" 200 11
[19/May/2026 10:06:16,000] - Broken pipe from ('172.17.0.4', 39646)
[19/May/2026 10:06:16] "GET /api/projects/validate-collab-token/ HTTP/1.1" 200 11
Bad Request: /api/projects/validate-collab-token/
[19/May/2026 10:06:16] "GET /api/projects/validate-collab-token/ HTTP/1.1" 400 27
Bad Request: /api/projects/validate-collab-token/
[19/May/2026 10:06:17] "GET /api/projects/validate-collab-token/ HTTP/1.1" 400 27
[19/May/2026 10:06:17,844] - Broken pipe from ('172.17.0.4', 39684)
Bad Request: /api/projects/validate-collab-token/
[19/May/2026 10:06:19] "GET /api/projects/validate-collab-token/ HTTP/1.1" 400 27
[19/May/2026 10:06:19,942] - Broken pipe from ('172.17.0.4', 39690)
Bad Request: /api/projects/validate-collab-token/
[19/May/2026 10:06:23] "GET /api/projects/validate-collab-token/ HTTP/1.1" 400 27
[19/May/2026 10:06:23,936] - Broken pipe from ('172.17.0.4', 43168)
Bad Request: /api/projects/validate-collab-token/
[19/May/2026 10:06:31] "GET /api/projects/validate-collab-token/ HTTP/1.1" 400 27
[19/May/2026 10:06:31,839] - Broken pipe from ('172.17.0.4', 43176)
Bad Request: /api/projects/validate-collab-token/
[19/May/2026 10:06:35] "GET /api/projects/validate-collab-token/ HTTP/1.1" 400 27
[19/May/2026 10:06:35,845] - Broken pipe from ('172.17.0.4', 43318)
Bad Request: /api/projects/validate-collab-token/
[19/May/2026 10:06:59] "GET /api/projects/validate-collab-token/ HTTP/1.1" 400 27
[19/May/2026 10:06:59,939] - Broken pipe from ('172.17.0.4', 44082)
Bad Request: /api/projects/validate-collab-token/
[19/May/2026 10:07:28] "GET /api/projects/validate-collab-token/ HTTP/1.1" 400 27
[19/May/2026 10:07:28,948] - Broken pipe from ('172.17.0.4', 60718)
Bad Request: /api/projects/validate-collab-token/
[19/May/2026 10:07:43] "GET /api/projects/validate-collab-token/ HTTP/1.1" 400 27
Bad Request: /api/projects/validate-collab-token/
[19/May/2026 10:07:51] "GET /api/projects/validate-collab-token/ HTTP/1.1" 400 27
Bad Request: /api/projects/validate-collab-token/
[19/May/2026 10:08:05] "GET /api/projects/validate-collab-token/ HTTP/1.1" 400 27
[19/May/2026 10:08:05,054] - Broken pipe from ('172.17.0.4', 50876)
Bad Request: /api/projects/validate-collab-token/
[19/May/2026 10:08:26] "GET /api/projects/validate-collab-token/ HTTP/1.1" 400 27
[19/May/2026 10:08:26,389] - Broken pipe from ('172.17.0.4', 42844)
Bad Request: /api/projects/validate-collab-token/
[19/May/2026 10:08:52] "GET /api/projects/validate-collab-token/ HTTP/1.1" 400 27
[19/May/2026 10:08:52,336] - Broken pipe from ('172.17.0.4', 50002)
Bad Request: /api/projects/validate-collab-token/
[19/May/2026 10:09:30] "GET /api/projects/validate-collab-token/ HTTP/1.1" 400 27
[19/May/2026 10:09:30,953] - Broken pipe from ('172.17.0.4', 50418)
Bad Request: /api/projects/validate-collab-token/
[19/May/2026 10:10:28] "GET /api/projects/validate-collab-token/ HTTP/1.1" 400 27
[19/May/2026 10:10:28,949] - Broken pipe from ('172.17.0.4', 55738)
[19/May/2026 10:11:18] "GET /api/projects/validate-collab-token/ HTTP/1.1" 200 11
[19/May/2026 10:11:18] "GET /api/projects/validate-collab-token/ HTTP/1.1" 200 11
[19/May/2026 10:11:18] "GET /api/projects/8/ HTTP/1.1" 200 1166
[19/May/2026 10:11:18] "GET /api/auth/me/ HTTP/1.1" 200 154
[19/May/2026 10:11:18] "POST /api/projects/8/collab/join/ HTTP/1.1" 200 184
[19/May/2026 10:11:18] "GET /api/projects/validate-collab-token/ HTTP/1.1" 200 11
[19/May/2026 10:11:18] "GET /api/auth/me/ HTTP/1.1" 200 154
[19/May/2026 10:11:18] "POST /api/projects/8/collab/join/ HTTP/1.1" 200 191
Not Found: /lsp/8
[19/May/2026 10:11:19] "POST /lsp/8 HTTP/1.1" 404 2306
[19/May/2026 10:11:19] "GET /api/projects/validate-collab-token/ HTTP/1.1" 200 11
[19/May/2026 11:35:35] "GET /api/projects/validate-collab-token/ HTTP/1.1" 200 11
[19/May/2026 11:35:35] "GET /api/projects/validate-collab-token/ HTTP/1.1" 200 11
Bad Request: /api/projects/validate-collab-token/
[19/May/2026 11:35:41] "GET /api/projects/validate-collab-token/ HTTP/1.1" 400 27
Bad Request: /api/projects/validate-collab-token/
[19/May/2026 11:36:41] "GET /api/projects/validate-collab-token/ HTTP/1.1" 400 27
Bad Request: /api/projects/validate-collab-token/
[19/May/2026 11:37:41] "GET /api/projects/validate-collab-token/ HTTP/1.1" 400 27
[19/May/2026 11:37:41,872] - Broken pipe from ('172.17.0.4', 35422)
Bad Request: /api/projects/validate-collab-token/
[19/May/2026 11:38:41] "GET /api/projects/validate-collab-token/ HTTP/1.1" 400 27
Bad Request: /api/projects/validate-collab-token/
[19/May/2026 11:39:41] "GET /api/projects/validate-collab-token/ HTTP/1.1" 400 27
[19/May/2026 11:39:41,992] - Broken pipe from ('172.17.0.4', 39570)
Bad Request: /api/projects/validate-collab-token/
[19/May/2026 11:40:42] "GET /api/projects/validate-collab-token/ HTTP/1.1" 400 27
Bad Request: /api/projects/validate-collab-token/
[19/May/2026 11:41:42] "GET /api/projects/validate-collab-token/ HTTP/1.1" 400 27
[19/May/2026 11:41:42,016] - Broken pipe from ('172.17.0.4', 50076)
Bad Request: /api/projects/validate-collab-token/
[19/May/2026 11:42:42] "GET /api/projects/validate-collab-token/ HTTP/1.1" 400 27
[19/May/2026 11:42:42,346] - Broken pipe from ('172.17.0.4', 38752)
Bad Request: /api/projects/validate-collab-token/
[19/May/2026 11:43:42] "GET /api/projects/validate-collab-token/ HTTP/1.1" 400 27
Bad Request: /api/projects/validate-collab-token/
[19/May/2026 11:44:42] "GET /api/projects/validate-collab-token/ HTTP/1.1" 400 27
Bad Request: /api/projects/validate-collab-token/
[19/May/2026 11:45:42] "GET /api/projects/validate-collab-token/ HTTP/1.1" 400 27
[19/May/2026 11:45:42,673] - Broken pipe from ('172.17.0.4', 43458)
Bad Request: /api/projects/validate-collab-token/
[19/May/2026 11:46:42] "GET /api/projects/validate-collab-token/ HTTP/1.1" 400 27
[19/May/2026 11:46:42,912] - Broken pipe from ('172.17.0.4', 47524)
Bad Request: /api/projects/validate-collab-token/
[19/May/2026 11:47:42] "GET /api/projects/validate-collab-token/ HTTP/1.1" 400 27
[19/May/2026 11:47:42,924] - Broken pipe from ('172.17.0.4', 39964)
Bad Request: /api/projects/validate-collab-token/
[19/May/2026 11:48:42] "GET /api/projects/validate-collab-token/ HTTP/1.1" 400 27
[19/May/2026 11:48:42,929] - Broken pipe from ('172.17.0.4', 38658)
Bad Request: /api/projects/validate-collab-token/
[19/May/2026 11:49:43] "GET /api/projects/validate-collab-token/ HTTP/1.1" 400 27
Bad Request: /api/projects/validate-collab-token/
[19/May/2026 11:50:43] "GET /api/projects/validate-collab-token/ HTTP/1.1" 400 27
[19/May/2026 11:50:43,184] - Broken pipe from ('172.17.0.4', 50106)
Bad Request: /api/projects/validate-collab-token/
[19/May/2026 11:51:43] "GET /api/projects/validate-collab-token/ HTTP/1.1" 400 27
Bad Request: /api/projects/validate-collab-token/
[19/May/2026 11:52:43] "GET /api/projects/validate-collab-token/ HTTP/1.1" 400 27
Bad Request: /api/projects/validate-collab-token/
[19/May/2026 11:53:43] "GET /api/projects/validate-collab-token/ HTTP/1.1" 400 27
Bad Request: /api/projects/validate-collab-token/
[19/May/2026 11:54:43] "GET /api/projects/validate-collab-token/ HTTP/1.1" 400 27
Bad Request: /api/projects/validate-collab-token/
[19/May/2026 11:55:43] "GET /api/projects/validate-collab-token/ HTTP/1.1" 400 27
Bad Request: /api/projects/validate-collab-token/
[19/May/2026 11:56:43] "GET /api/projects/validate-collab-token/ HTTP/1.1" 400 27
[19/May/2026 11:56:43,306] - Broken pipe from ('172.17.0.4', 34876)
Bad Request: /api/projects/validate-collab-token/
[19/May/2026 11:57:43] "GET /api/projects/validate-collab-token/ HTTP/1.1" 400 27
