Traceback (most recent call last):
  File "/home/estudiante/.local/lib/python3.10/site-packages/django/db/backends/base/base.py", line 289, in ensure_connection
    self.connect()
  File "/home/estudiante/.local/lib/python3.10/site-packages/django/utils/asyncio.py", line 26, in inner
    return func(*args, **kwargs)
  File "/home/estudiante/.local/lib/python3.10/site-packages/django/db/backends/base/base.py", line 270, in connect
    self.connection = self.get_new_connection(conn_params)
  File "/home/estudiante/.local/lib/python3.10/site-packages/django/utils/asyncio.py", line 26, in inner
    return func(*args, **kwargs)
  File "/home/estudiante/.local/lib/python3.10/site-packages/django/db/backends/postgresql/base.py", line 275, in get_new_connection
    connection = self.Database.connect(**conn_params)
  File "/home/estudiante/.local/lib/python3.10/site-packages/psycopg/connection.py", line 122, in connect
    raise last_ex.with_traceback(None)
psycopg.OperationalError: connection failed: connection to server at "127.0.0.1", port 5432 failed: FATAL:  database "extra_editable" does not exist

The above exception was the direct cause of the following exception:

Traceback (most recent call last):
  File "/home/estudiante/Downloads/Extra-editable/backend/manage.py", line 14, in <module>
    main()
  File "/home/estudiante/Downloads/Extra-editable/backend/manage.py", line 11, in main
    execute_from_command_line(sys.argv)
  File "/home/estudiante/.local/lib/python3.10/site-packages/django/core/management/__init__.py", line 442, in execute_from_command_line
    utility.execute()
  File "/home/estudiante/.local/lib/python3.10/site-packages/django/core/management/__init__.py", line 436, in execute
    self.fetch_command(subcommand).run_from_argv(self.argv)
  File "/home/estudiante/.local/lib/python3.10/site-packages/django/core/management/base.py", line 412, in run_from_argv
    self.execute(*args, **cmd_options)
  File "/home/estudiante/.local/lib/python3.10/site-packages/django/core/management/base.py", line 458, in execute
    output = self.handle(*args, **options)
  File "/home/estudiante/.local/lib/python3.10/site-packages/django/core/management/base.py", line 106, in wrapper
    res = handle_func(*args, **kwargs)
  File "/home/estudiante/.local/lib/python3.10/site-packages/django/core/management/commands/migrate.py", line 117, in handle
    executor = MigrationExecutor(connection, self.migration_progress_callback)
  File "/home/estudiante/.local/lib/python3.10/site-packages/django/db/migrations/executor.py", line 18, in __init__
    self.loader = MigrationLoader(self.connection)
  File "/home/estudiante/.local/lib/python3.10/site-packages/django/db/migrations/loader.py", line 58, in __init__
    self.build_graph()
  File "/home/estudiante/.local/lib/python3.10/site-packages/django/db/migrations/loader.py", line 235, in build_graph
    self.applied_migrations = recorder.applied_migrations()
  File "/home/estudiante/.local/lib/python3.10/site-packages/django/db/migrations/recorder.py", line 81, in applied_migrations
    if self.has_table():
  File "/home/estudiante/.local/lib/python3.10/site-packages/django/db/migrations/recorder.py", line 57, in has_table
    with self.connection.cursor() as cursor:
  File "/home/estudiante/.local/lib/python3.10/site-packages/django/utils/asyncio.py", line 26, in inner
    return func(*args, **kwargs)
  File "/home/estudiante/.local/lib/python3.10/site-packages/django/db/backends/base/base.py", line 330, in cursor
    return self._cursor()
  File "/home/estudiante/.local/lib/python3.10/site-packages/django/db/backends/base/base.py", line 306, in _cursor
    self.ensure_connection()
  File "/home/estudiante/.local/lib/python3.10/site-packages/django/utils/asyncio.py", line 26, in inner
    return func(*args, **kwargs)
  File "/home/estudiante/.local/lib/python3.10/site-packages/django/db/backends/base/base.py", line 288, in ensure_connection
    with self.wrap_database_errors:
  File "/home/estudiante/.local/lib/python3.10/site-packages/django/db/utils.py", line 91, in __exit__
    raise dj_exc_value.with_traceback(traceback) from exc_value
  File "/home/estudiante/.local/lib/python3.10/site-packages/django/db/backends/base/base.py", line 289, in ensure_connection
    self.connect()
  File "/home/estudiante/.local/lib/python3.10/site-packages/django/utils/asyncio.py", line 26, in inner
    return func(*args, **kwargs)
  File "/home/estudiante/.local/lib/python3.10/site-packages/django/db/backends/base/base.py", line 270, in connect
    self.connection = self.get_new_connection(conn_params)
  File "/home/estudiante/.local/lib/python3.10/site-packages/django/utils/asyncio.py", line 26, in inner
    return func(*args, **kwargs)
  File "/home/estudiante/.local/lib/python3.10/site-packages/django/db/backends/postgresql/base.py", line 275, in get_new_connection
    connection = self.Database.connect(**conn_params)
  File "/home/estudiante/.local/lib/python3.10/site-packages/psycopg/connection.py", line 122, in connect
    raise last_ex.with_traceback(None)
django.db.utils.OperationalError: connection failed: connection to server at "127.0.0.1", port 5432 failed: FATAL:  database "extra_editable" does not exist
