
  Hocuspocus v2.15.3 running at:

  > HTTP: http://0.0.0.0:1235
  > WebSocket: ws://0.0.0.0:1235
[collab] Servidor en http/ws://localhost:1235
[collab] Endpoint de token de prueba: POST http://localhost:1235/dev-token
[collab] simon autenticado
[collab] Conexión iniciada a "8"
[collab] simon autenticado
[collab] Conexión iniciada a "8:15"
[collab] ? salió de "8:15"
[collab] ? salió de "8"
[collab] simon autenticado
[collab] Conexión iniciada a "8"
[collab] simon autenticado
[collab] Conexión iniciada a "8:15"
[collab] ? salió de "8"
[collab] ? salió de "8:15"
[collab] simon autenticado
[collab] Conexión iniciada a "8"
[collab] simon autenticado
[collab] Conexión iniciada a "8:15"
[collab] gabriel autenticado
[collab] Conexión iniciada a "8"
[collab] gabriel autenticado
[collab] Conexión iniciada a "8:15"
[collab] ? salió de "8"
[collab] ? salió de "8:15"
[collab] simon autenticado
[collab] Conexión iniciada a "8"
[collab] simon autenticado
[collab] Conexión iniciada a "8:15"
[collab] ? salió de "8:15"
[collab] ? salió de "8"
[collab] gabriel autenticado
[collab] Conexión iniciada a "8"
[collab] gabriel autenticado
[collab] Conexión iniciada a "8:15"
[collab] ? salió de "8"
[collab] ? salió de "8:15"
[collab] gabriel autenticado
[collab] Conexión iniciada a "8"
[collab] gabriel autenticado
[collab] Conexión iniciada a "8:15"
[collab] gabriel autenticado
[collab] Conexión iniciada a "8:12"
[collab] ? salió de "8:15"
[collab] simon autenticado
[collab] Conexión iniciada a "8:12"
[collab] ? salió de "8:15"
[collab] Conexión iniciada a "8:15"
[collab] ? salió de "8:12"
[collab] ? salió de "8"
[collab] simon autenticado
[collab] Conexión iniciada a "8"
[collab] ? salió de "8"
[collab] simon autenticado
[collab] Conexión iniciada a "8"
[collab] simon autenticado
[collab] Conexión iniciada a "8:15"
[collab] simon autenticado
[collab] Conexión iniciada a "8:12"
[collab] ? salió de "8:15"
[collab] simon autenticado
[collab] Conexión iniciada a "8:16"
[collab] ? salió de "8:12"
[collab] Conexión iniciada a "8:12"
[collab] simon autenticado
[collab] Conexión iniciada a "8:14"
[collab] ? salió de "8:16"
[collab] gabriel autenticado
[collab] Conexión iniciada a "8:16"
[collab] ? salió de "8:12"
[collab] gabriel autenticado
[collab] Conexión iniciada a "8:12"
[collab] ? salió de "8:16"
[collab] Conexión iniciada a "8:16"
[collab] gabriel autenticado
[collab] Conexión iniciada a "8:16"
[collab] ? salió de "8:12"
[collab] Conexión iniciada a "8:12"
[collab] gabriel autenticado
[collab] Conexión iniciada a "8:14"
[collab] ? salió de "8:16"
[collab] gabriel autenticado
[collab] Conexión iniciada a "8:16"
[collab] ? salió de "8:14"
[collab] simon autenticado
[collab] Conexión iniciada a "8:16"
[collab] ? salió de "8:14"
[collab] Conexión iniciada a "8:14"
[collab] simon autenticado
[collab] Conexión iniciada a "8:12"
[collab] ? salió de "8:16"
[collab] simon autenticado
[collab] Conexión iniciada a "8:16"
[collab] ? salió de "8:12"
[collab] ? salió de "8:16"
[collab] ? salió de "8"
[collab] gabriel autenticado
[collab] Conexión iniciada a "8"
[collab] gabriel autenticado
[collab] Conexión iniciada a "8:15"
[collab] simon autenticado
[collab] Conexión iniciada a "8:15"
[collab] ? salió de "8:16"
[collab] ? salió de "8"
[collab] ? salió de "8:15"
[collab] gabriel autenticado
[collab] Conexión iniciada a "8:15"
[collab] ? salió de "8:15"
[collab] gabriel autenticado
[collab] Conexión iniciada a "8"
[collab] gabriel autenticado
[collab] Conexión iniciada a "8:15"
[collab] ? salió de "8"
[collab] ? salió de "8:15"
[collab] simon autenticado
[collab] Conexión iniciada a "8"
[collab] simon autenticado
[collab] Conexión iniciada a "8:15"
[collab] ? salió de "8:15"
[collab] ? salió de "8"
[collab] simon autenticado
[collab] Conexión iniciada a "8"
[collab] simon autenticado
[collab] Conexión iniciada a "8:15"
[collab] ? salió de "8"
[collab] ? salió de "8:15"
[collab] gabriel autenticado
[collab] Conexión iniciada a "8:15"
[collab] ? salió de "8:15"
[collab] gabriel autenticado
[collab] Conexión iniciada a "8"
[collab] gabriel autenticado
[collab] Conexión iniciada a "8:15"
[collab] gabriel autenticado
[collab] Conexión iniciada a "8:12"
[collab] ? salió de "8:15"
[collab] simon autenticado
[collab] Conexión iniciada a "8:12"
[collab] ? salió de "8:15"
[collab] Conexión iniciada a "8:15"
[collab] gabriel autenticado
[collab] Conexión iniciada a "8:16"
[collab] ? salió de "8:12"
[collab] simon autenticado
[collab] Conexión iniciada a "8:16"
[collab] ? salió de "8:12"
[collab] gabriel autenticado
[collab] Conexión iniciada a "8:14"
[collab] ? salió de "8:16"
[collab] simon autenticado
[collab] Conexión iniciada a "8:14"
[collab] ? salió de "8:16"
[collab] ? salió de "8:14"
[collab] Conexión iniciada a "8:14"
[collab] ? salió de "8"
[collab] ? salió de "8:14"
[collab] ? salió de "8"
[collab] simon autenticado
[collab] Conexión iniciada a "8"
[collab] simon autenticado
[collab] Conexión iniciada a "8:16"
[collab] simon autenticado
[collab] Conexión iniciada a "8:15"
[collab] ? salió de "8:16"
[collab] Conexión iniciada a "8:16"
[collab] simon autenticado
[collab] Conexión iniciada a "8:14"
[collab] ? salió de "8:15"
[collab] simon autenticado
[collab] Conexión iniciada a "8:16"
[collab] ? salió de "8:14"
[collab] simon autenticado
[collab] Conexión iniciada a "8:14"
[collab] ? salió de "8:16"
[collab] Conexión iniciada a "8:16"
[collab] simon autenticado
[collab] Conexión iniciada a "8:16"
[collab] ? salió de "8:14"
[collab] simon autenticado
[collab] Conexión iniciada a "8:12"
[collab] ? salió de "8:16"
[collab] simon autenticado
[collab] Conexión iniciada a "8:15"
[collab] ? salió de "8:12"
[collab] ? salió de "8:15"
[collab] ? salió de "8"
[collab] simon autenticado
[collab] Conexión iniciada a "8"
[collab] simon autenticado
[collab] Conexión iniciada a "8:15"
[collab] simon autenticado
[collab] Conexión iniciada a "8:12"
[collab] ? salió de "8:15"
[collab] Conexión iniciada a "8:15"
[collab] simon autenticado
[collab] Conexión iniciada a "8:16"
[collab] ? salió de "8:12"
[collab] simon autenticado
[collab] Conexión iniciada a "8:14"
[collab] ? salió de "8:16"
[collab] simon autenticado
[collab] Conexión iniciada a "8:16"
[collab] ? salió de "8:14"
[collab] simon autenticado
[collab] Conexión iniciada a "8:14"
[collab] ? salió de "8:16"
[collab] Conexión iniciada a "8:16"
[collab] simon autenticado
[collab] Conexión iniciada a "8:16"
[collab] ? salió de "8:14"
[collab] simon autenticado
[collab] Conexión iniciada a "8:14"
[collab] ? salió de "8:16"
[collab] Conexión iniciada a "8:16"
[collab] ? salió de "8:14"
[collab] ? salió de "8"
[collab] simon autenticado
[collab] Conexión iniciada a "8:15"
[collab] gabriel autenticado
[collab] Conexión iniciada a "8"
[collab] gabriel autenticado
[collab] Conexión iniciada a "8:15"
[collab] gabriel autenticado
[collab] Conexión iniciada a "8:16"
[collab] ? salió de "8:15"
[collab] gabriel autenticado
[collab] Conexión iniciada a "8:15"
[collab] ? salió de "8:16"
[collab] simon autenticado
[collab] Conexión iniciada a "8:16"
[collab] ? salió de "8:15"
[collab] simon autenticado
[collab] Conexión iniciada a "8:15"
[collab] ? salió de "8:16"
[collab] ? salió de "8:15"
[collab] simon autenticado
[collab] Conexión iniciada a "8:15"
[collab] ? salió de "8:15"
[collab] simon autenticado
[collab] Conexión iniciada a "8"
[collab] simon autenticado
[collab] Conexión iniciada a "8:15"
[collab] ? salió de "8:15"
[collab] Conexión iniciada a "8:15"
[collab] ? salió de "8"
[collab] gabriel autenticado
[collab] Conexión iniciada a "8:16"
[collab] simon autenticado
[collab] Conexión iniciada a "8:16"
[collab] ? salió de "8:15"
[collab] simon autenticado
[collab] Conexión iniciada a "8:15"
[collab] ? salió de "8:16"
[collab] Conexión iniciada a "8:16"
[collab] simon autenticado
[collab] Conexión iniciada a "8:16"
[collab] ? salió de "8:15"
[collab] simon autenticado
[collab] Conexión iniciada a "8:15"
[collab] ? salió de "8:16"
[collab] Conexión iniciada a "8:16"
[collab] simon autenticado
[collab] Conexión iniciada a "8:16"
[collab] ? salió de "8:15"
[collab] Conexión iniciada a "8:15"
[collab] ? salió de "8"
[collab] ? salió de "8:16"
[collab] simon autenticado
[collab] Conexión iniciada a "8"
[collab] simon autenticado
[collab] Conexión iniciada a "8:16"
[collab] simon autenticado
[collab] Conexión iniciada a "8:18"
[collab] ? salió de "8:16"
[collab] ? salió de "8:16"
[collab] ? salió de "8:18"
[collab] ? salió de "8"
[collab] simon autenticado
[collab] Conexión iniciada a "8:18"
[collab] gabriel autenticado
[collab] Conexión iniciada a "8"
[collab] simon autenticado
[collab] Conexión iniciada a "8"
[collab] ? salió de "8:18"
[collab] ? salió de "8"
[collab] gabriel autenticado
[collab] Conexión iniciada a "8:18"
[collab] simon autenticado
[collab] Conexión iniciada a "8"
[collab] simon autenticado
[collab] Conexión iniciada a "8:18"
[collab] ? salió de "8"
[collab] ? salió de "8:18"
[collab] gabriel autenticado
[collab] Conexión iniciada a "8"
[collab] ? salió de "8"
[collab] ? salió de "8"
[collab] ? salió de "8:18"
[collab] simon autenticado
[collab] Conexión iniciada a "8"
[collab] ? salió de "8"
[collab] gabriel autenticado
[collab] Conexión iniciada a "8"
[collab] gabriel autenticado
[collab] Conexión iniciada a "8:18"
[collab] simon autenticado
[collab] Conexión iniciada a "8"
[collab] simon autenticado
[collab] Conexión iniciada a "8:18"
[collab] ? salió de "8"
[collab] ? salió de "8:18"
[collab] gabriel autenticado
[collab] Conexión iniciada a "8"
[collab] ? salió de "8"
[collab] ? salió de "8:18"
[collab] simon autenticado
[collab] Conexión iniciada a "8"
[collab] simon autenticado
[collab] Conexión iniciada a "8:18"
[collab] gabriel autenticado
[collab] Conexión iniciada a "8:18"
[collab] ? salió de "8:18"
[collab] ? salió de "8"
[collab] simon autenticado
[collab] Conexión iniciada a "8"
[collab] simon autenticado
[collab] Conexión iniciada a "8:18"
[collab] simon autenticado
[collab] Conexión iniciada a "8:19"
[collab] ? salió de "8:18"
[collab] Conexión iniciada a "8:18"
[collab] gabriel autenticado
[collab] Conexión iniciada a "8:20"
[collab] ? salió de "8:18"
[collab] Conexión iniciada a "8:18"
